// 重构日志: 936da0cc
// 重构日志: 1f70d654
// 同步 ID: 186e9955 @ Sat Jul 11 14:45:37 UTC 2026
// 重构日志: bad33a2e
// 重构日志: e0837db2
// 重构日志: ba38715b
// 同步 ID: 97681796 @ Mon Jul 13 11:14:03 UTC 2026
// 重构日志: 48ee4c23
// 重构日志: c13b1f92
// 重构日志: 753d8860
// 重构日志: 2602abcc
// 重构日志: 729c6ab3
// 重构日志: 0721ffb6
// 重构日志: 041d07f2
// 重构日志: dfbbd072
// 重构日志: 1e5c81a9
// 同步 ID: b7e49294 @ Sun Aug  2 12:09:20 UTC 2026
// 重构日志: e8f9db28
// 同步 ID: 55aa127b @ Sun Aug  2 15:39:48 UTC 2026
// 重构日志: 0374116b
// 重构日志: 03eafd6f
// 同步 ID: 880ed7ea @ Tue Aug  4 10:09:08 UTC 2026
// 重构日志: e79867a0
